--------- beginning of main
01-21 16:51:28.255   393   579 V EventHub: /dev/input/event3 got: time=72.440066, type=1, code=28, value=1
01-21 16:51:28.255   393   579 V EventHub: event time 72440066000, now 72440179617
01-21 16:51:28.255   393   579 V EventHub: /dev/input/event3 got: time=72.440066, type=0, code=0, value=0
01-21 16:51:28.255   393   579 V EventHub: event time 72440066000, now 72440179617
01-21 16:51:28.375   393   579 V EventHub: /dev/input/event3 got: time=72.560072, type=1, code=28, value=0
01-21 16:51:28.375   393   579 V EventHub: event time 72560072000, now 72560206284
01-21 16:51:28.375   393   579 V EventHub: /dev/input/event3 got: time=72.560072, type=0, code=0, value=0
01-21 16:51:28.375   393   579 V EventHub: event time 72560072000, now 72560206284
--------- beginning of system
01-21 16:51:28.380   393   424 I ActivityManager: START u0 {act=android.intent.action.MAIN cat=[android.intent.category.LAUNCHER] flg=0x10200000 cmp=com.jacky.launcher/.activity.MainActivity (has extras)} from uid 10007 on display 0
01-21 16:51:28.394   187   530 D AudioHardwareTiny: start_output_stream
01-21 16:51:28.395   187   530 D alsa_route: route_info->sound_card 0, route_info->devices 0  
01-21 16:51:28.396   187   530 D alsa_route: route_set_controls() set route 0
01-21 16:51:28.435   393   425 I ActivityManager: Start proc 1774:com.jacky.launcher/u0a53 for activity com.jacky.launcher/.activity.MainActivity
01-21 16:51:28.442  1774  1774 I art     : Late-enabling -Xcheck:jni
01-21 16:51:28.450   393   483 D Surface : Surface::final mReqUsage=33
01-21 16:51:28.716  1774  1774 I MMKV    : <native-bridge.cpp:101::JNI_OnLoad> current API level = 23
01-21 16:51:28.716  1774  1774 I MMKV    : <MMKV.cpp:192::initialize> page size:4096
01-21 16:51:28.717  1774  1774 I MMKV    : <MMKV.cpp:206::initializeMMKV> root dir: /data/user/0/com.jacky.launcher/files/mmkv
01-21 16:51:28.721  1774  1774 I art     : Rejecting re-init on previously-failed class java.lang.Class<org.greenrobot.greendao.database.DatabaseOpenHelper$EncryptedHelper>
01-21 16:51:28.721  1774  1774 I art     : Rejecting re-init on previously-failed class java.lang.Class<org.greenrobot.greendao.database.DatabaseOpenHelper$EncryptedHelper>
01-21 16:51:28.722  1774  1774 I art     : Rejecting re-init on previously-failed class java.lang.Class<org.greenrobot.greendao.database.DatabaseOpenHelper$EncryptedHelper>
01-21 16:51:28.723  1774  1774 I art     : Rejecting re-init on previously-failed class java.lang.Class<org.greenrobot.greendao.database.DatabaseOpenHelper$EncryptedHelper>
01-21 16:51:28.723  1774  1774 I art     : Rejecting re-init on previously-failed class java.lang.Class<org.greenrobot.greendao.database.DatabaseOpenHelper$EncryptedHelper>
01-21 16:51:28.724  1774  1774 I art     : Rejecting re-init on previously-failed class java.lang.Class<org.greenrobot.greendao.database.DatabaseOpenHelper$EncryptedHelper>
01-21 16:51:28.724  1774  1774 I art     : Rejecting re-init on previously-failed class java.lang.Class<org.greenrobot.greendao.database.DatabaseOpenHelper$EncryptedHelper>
01-21 16:51:28.725  1774  1774 I art     : Rejecting re-init on previously-failed class java.lang.Class<org.greenrobot.greendao.database.DatabaseOpenHelper$EncryptedHelper>
01-21 16:51:28.726  1774  1774 I art     : Rejecting re-init on previously-failed class java.lang.Class<org.greenrobot.greendao.database.DatabaseOpenHelper$EncryptedHelper>
01-21 16:51:28.727  1774  1774 I art     : Rejecting re-init on previously-failed class java.lang.Class<org.greenrobot.greendao.database.DatabaseOpenHelper$EncryptedHelper>
01-21 16:51:28.727  1774  1774 I art     : Rejecting re-init on previously-failed class java.lang.Class<org.greenrobot.greendao.database.DatabaseOpenHelper$EncryptedHelper>
01-21 16:51:28.728  1774  1774 I art     : Rejecting re-init on previously-failed class java.lang.Class<org.greenrobot.greendao.database.DatabaseOpenHelper$EncryptedHelper>
01-21 16:51:28.729  1774  1774 I art     : Rejecting re-init on previously-failed class java.lang.Class<org.greenrobot.greendao.database.DatabaseOpenHelper$EncryptedHelper>
01-21 16:51:28.876  1774  1787 E searchRomFile: searchROMList: 开始复制db： System.currentTimeMillis() = 1421830288876
01-21 16:51:28.908  1774  1787 E searchRomFile: searchROMList: 复制db时间：31,System.currentTimeMillis() = 1421830288908
01-21 16:51:28.912  1774  1787 E searchRomFile: searchROMList: 开始扫描VPSP： System.currentTimeMillis() = 1421830288912
01-21 16:51:28.917  1774  1787 E searchRomFile: searchROMList: 开始排序VPSP： System.currentTimeMillis() = 1421830288917
01-21 16:51:28.918  1774  1774 W art     : Before Android 4.1, method android.graphics.PorterDuffColorFilter android.support.graphics.drawable.VectorDrawableCompat.updateTintFilter(android.graphics.PorterDuffColorFilter, android.content.res.ColorStateList, android.graphics.PorterDuff$Mode) would have incorrectly overridden the package-private method in android.graphics.drawable.Drawable
01-21 16:51:28.918  1774  1787 E searchRomFile: searchROMList: 结束排序，开始判断条件并插入数据库VPSP： System.currentTimeMillis() = 1421830288918
01-21 16:51:28.918  1774  1787 E searchRomFile: getTfcardFileList: GVGNPlus.iso
01-21 16:51:28.943  1774  1774 I MMKV    : <MMKV.cpp:335::loadFromFile> loading [mmkv.default] with 31 size in total, file size is 4096, InterProcess 0
01-21 16:51:28.943  1774  1774 I MMKV    : <MMKV.cpp:359::loadFromFile> loading [mmkv.default] with crc 521595414 sequence 2 version 1
01-21 16:51:28.943  1774  1774 I MMKV    : <MMKV.cpp:380::loadFromFile> loaded [mmkv.default] with 1 values
01-21 16:51:28.973  1774  1787 E searchRomFile: getTfcardFileList: lumines2.iso
01-21 16:51:28.987  1774  1787 E searchRomFile: getTfcardFileList: motogp.iso
01-21 16:51:29.002  1774  1787 E searchRomFile: getTfcardFileList: nrp-sm2ec.iso
01-21 16:51:29.017  1774  1787 E searchRomFile: getTfcardFileList: nrp-smrc.iso
01-21 16:51:29.030  1774  1787 E searchRomFile: getTfcardFileList: san goku shi 7.iso
01-21 16:51:29.044  1774  1787 E searchRomFile: getTfcardFileList: 扫描VPSP花费的时间：133,System.currentTimeMillis() = 1421830289044
01-21 16:51:29.044  1774  1787 E searchRomFile: searchROMList: 开始扫描VSFC： System.currentTimeMillis() = 1421830289044
01-21 16:51:29.100  1774  1787 E searchRomFile: searchROMList: 开始排序VSFC： System.currentTimeMillis() = 1421830289100
01-21 16:51:29.101  1774  1787 E searchRomFile: searchROMList: 结束排序，开始判断条件并插入数据库VSFC： System.currentTimeMillis() = 1421830289101
01-21 16:51:29.101  1774  1787 E searchRomFile: getTfcardFileList: 3x3 Eyes-Juuma Houkan.smc
01-21 16:51:29.116  1774  1787 E searchRomFile: getTfcardFileList: ActRaiser 2-Chinmoku heno Seisen.smc
01-21 16:51:29.131  1774  1787 E searchRomFile: getTfcardFileList: ActRaiser.smc
01-21 16:51:29.187  1774  1787 E searchRomFile: getTfcardFileList: Addams Family.smc
01-21 16:51:29.201  1774  1787 E searchRomFile: getTfcardFileList: Akazukin Cha Cha.smc
01-21 16:51:29.216  1774  1787 E searchRomFile: getTfcardFileList: Akumajou Dracula XX.smc
01-21 16:51:29.231  1774  1787 E searchRomFile: getTfcardFileList: Akumajou Dracula.smc
01-21 16:51:29.249  1774  1787 E searchRomFile: getTfcardFileList: Aladdin.smc
01-21 16:51:29.276  1774  1787 E searchRomFile: getTfcardFileList: Albert Odyssey 2-Jashin no Taidou.smc
01-21 16:51:29.291  1774  1787 E searchRomFile: getTfcardFileList: Albert Odyssey.smc
01-21 16:51:29.320  1774  1787 E searchRomFile: getTfcardFileList: Amazing Spider-Man, The-Lethal Foes.smc
01-21 16:51:29.334  1774  1787 E searchRomFile: getTfcardFileList: Animaniacs.smc
01-21 16:51:29.350  1774  1787 E searchRomFile: getTfcardFileList: Appleseed.smc
01-21 16:51:29.364  1774  1787 E searchRomFile: getTfcardFileList: Arcus Spirits.smc
01-21 16:51:29.379  1774  1787 E searchRomFile: getTfcardFileList: Ardy Lightfoot.smc
01-21 16:51:29.394  1774  1787 E searchRomFile: getTfcardFileList: Aretha.smc
01-21 16:51:29.409  1774  1787 E searchRomFile: getTfcardFileList: Ashita no Joe.smc
01-21 16:51:29.424  1774  1787 E searchRomFile: getTfcardFileList: Atlas-Renaissance Voyager.smc
01-21 16:51:29.438  1774  1787 E searchRomFile: getTfcardFileList: Bahamut Lagoon.smc
01-21 16:51:29.454  1774  1787 E searchRomFile: getTfcardFileList: Bastard!!-Ankoku no Hakai-shin.smc
01-21 16:51:29.470  1774  1787 E searchRomFile: getTfcardFileList: Batman Forever.smc
01-21 16:51:29.471  1774  1774 E MainActivity: onResume: true
01-21 16:51:29.472  1774  1774 E LightUtil: setBrightness: 180
01-21 16:51:29.492  1774  1787 E searchRomFile: getTfcardFileList: Batman Returns.smc
01-21 16:51:29.498  1774  1774 D PermissionsManager: com.jacky.launcher
01-21 16:51:29.499  1774  1787 W System.err: org.greenrobot.greendao.DaoException: Expected unique result, but count was 2
01-21 16:51:29.499  1774  1787 W System.err: 	at org.greenrobot.greendao.AbstractDao.loadUnique(AbstractDao.java:170)
01-21 16:51:29.499  1774  1787 W System.err: 	at org.greenrobot.greendao.AbstractDao.loadUniqueAndCloseCursor(AbstractDao.java:159)
01-21 16:51:29.499  1774  1787 W System.err: 	at org.greenrobot.greendao.InternalQueryDaoAccess.loadUniqueAndCloseCursor(InternalQueryDaoAccess.java:41)
01-21 16:51:29.499  1774  1774 D PermissionsManager: Manifest contained permission: android.permission.INTERNET
01-21 16:51:29.499  1774  1774 D PermissionsManager: Manifest contained permission: android.permission.CHANGE_NETWORK_STATE
01-21 16:51:29.499  1774  1787 W System.err: 	at org.greenrobot.greendao.query.Query.unique(Query.java:130)
01-21 16:51:29.499  1774  1774 D PermissionsManager: Manifest contained permission: android.permission.CHANGE_WIFI_STATE
01-21 16:51:29.499  1774  1787 W System.err: 	at com.jacky.launcher.daomanager.GameDaoManager.insertOrReplaceByName(GameDaoManager.java:47)
01-21 16:51:29.499  1774  1774 D PermissionsManager: Manifest contained permission: android.permission.ACCESS_NETWORK_STATE
01-21 16:51:29.500  1774  1774 D PermissionsManager: Manifest contained permission: android.permission.ACCESS_WIFI_STATE
01-21 16:51:29.500  1774  1787 W System.err: 	at com.jacky.launcher.util.SearchGameUtil.getTfcardFileList(SearchGameUtil.java:109)
01-21 16:51:29.500  1774  1774 D PermissionsManager: Manifest contained permission: android.permission.BLUETOOTH_ADMIN
01-21 16:51:29.500  1774  1774 D PermissionsManager: Manifest contained permission: android.permission.BLUETOOTH
01-21 16:51:29.500  1774  1787 W System.err: 	at com.jacky.launcher.util.SearchGameUtil.searchROMList(SearchGameUtil.java:132)
01-21 16:51:29.500  1774  1774 D PermissionsManager: Manifest contained permission: android.permission.WAKE_LOCK
01-21 16:51:29.500  1774  1787 W System.err: 	at com.jacky.launcher.BaseApplication$1.run(BaseApplication.java:41)
01-21 16:51:29.500  1774  1774 D PermissionsManager: Manifest contained permission: android.permission.WRITE_EXTERNAL_STORAGE
01-21 16:51:29.500  1774  1774 D PermissionsManager: Manifest contained permission: android.permission.MOUNT_UNMOUNT_FILESYSTEMS
01-21 16:51:29.500  1774  1787 W System.err: 	at java.lang.Thread.run(Thread.java:818)
01-21 16:51:29.500  1774  1774 D PermissionsManager: Manifest contained permission: android.permission.DISABLE_KEYGUARD
01-21 16:51:29.500  1774  1787 E searchRomFile: getTfcardFileList: Battle Master-Kyuukyoku no Senshitachi.smc
01-21 16:51:29.500  1774  1774 D PermissionsManager: Manifest contained permission: android.permission.RECEIVE_BOOT_COMPLETED
01-21 16:51:29.500  1774  1774 D PermissionsManager: Manifest contained permission: android.permission.WRITE_MEDIA_STORAGE
01-21 16:51:29.500  1774  1774 D PermissionsManager: Manifest contained permission: android.permission.DEVICE_POWER
01-21 16:51:29.500  1774  1774 D PermissionsManager: Manifest contained permission: android.permission.WRITE_SETTINGS
01-21 16:51:29.500  1774  1774 D PermissionsManager: Manifest contained permission: android.permission.SET_TIME
01-21 16:51:29.500  1774  1774 D PermissionsManager: Manifest contained permission: android.permission.READ_EXTERNAL_STORAGE
01-21 16:51:29.516  1774  1787 E searchRomFile: getTfcardFileList: Battle Zeque Den.smc
01-21 16:51:29.527   393   424 I ActivityManager: START u0 {act=android.content.pm.action.REQUEST_PERMISSIONS pkg=com.android.packageinstaller cmp=com.android.packageinstaller/.permission.ui.GrantPermissionsActivity (has extras)} from uid 10053 on display 0
01-21 16:51:29.531  1774  1787 E searchRomFile: getTfcardFileList: Battletoads in Battlemaniacs.smc
01-21 16:51:29.552  1774  1787 E searchRomFile: getTfcardFileList: Beauty and the Beast.smc
01-21 16:51:29.568  1774  1787 E searchRomFile: getTfcardFileList: Benkei Gaiden-Suna no Shou.smc
01-21 16:51:29.570   222   222 I Binder_1: type=1400 audit(0.0:88): avc: denied { ioctl } for path="socket:[20747]" dev="sockfs" ino=20747 ioctlcmd=7704 scontext=u:r:surfaceflinger:s0 tcontext=u:r:surfaceflinger:s0 tclass=unix_stream_socket permissive=1
01-21 16:51:29.570   222   222 I Binder_1: type=1400 audit(0.0:89): avc: denied { ioctl } for path="socket:[20747]" dev="sockfs" ino=20747 ioctlcmd=7704 scontext=u:r:surfaceflinger:s0 tcontext=u:r:surfaceflinger:s0 tclass=unix_stream_socket permissive=1
01-21 16:51:29.570   224   224 I Binder_2: type=1400 audit(0.0:90): avc: denied { ioctl } for path="socket:[19055]" dev="sockfs" ino=19055 ioctlcmd=7704 scontext=u:r:surfaceflinger:s0 tcontext=u:r:surfaceflinger:s0 tclass=unix_stream_socket permissive=1
01-21 16:51:29.570   224   224 I Binder_2: type=1400 audit(0.0:91): avc: denied { ioctl } for path="socket:[19055]" dev="sockfs" ino=19055 ioctlcmd=7704 scontext=u:r:surfaceflinger:s0 tcontext=u:r:surfaceflinger:s0 tclass=unix_stream_socket permissive=1
01-21 16:51:29.584  1774  1790 D OpenGLRenderer: Use EGL_SWAP_BEHAVIOR_PRESERVED: false
01-21 16:51:29.588  1774  1787 E searchRomFile: getTfcardFileList: Bing Bing!Bingo.smc
01-21 16:51:29.602  1774  1787 E searchRomFile: getTfcardFileList: Bishoujo Senshi Sailor Moon S-Jougai Rantou! Shuyaku Soudatsusen.smc
01-21 16:51:29.618  1774  1787 E searchRomFile: getTfcardFileList: Bishoujo Senshi Sailor Moon Super S-Zenin Sanka!! Shuyaku Soudatsusen.smc
01-21 16:51:29.620   696   696 I Binder_7: type=1400 audit(0.0:92): avc: denied { ioctl } for path="socket:[21689]" dev="sockfs" ino=21689 ioctlcmd=7704 scontext=u:r:system_server:s0 tcontext=u:r:system_server:s0 tclass=unix_stream_socket permissive=1
01-21 16:51:29.620   696   696 I Binder_7: type=1400 audit(0.0:93): avc: denied { ioctl } for path="socket:[21689]" dev="sockfs" ino=21689 ioctlcmd=7704 scontext=u:r:system_server:s0 tcontext=u:r:system_server:s0 tclass=unix_stream_socket permissive=1
01-21 16:51:29.630   424   424 I Binder_1: type=1400 audit(0.0:94): avc: denied { ioctl } for path="socket:[21691]" dev="sockfs" ino=21691 ioctlcmd=7704 scontext=u:r:system_server:s0 tcontext=u:r:system_server:s0 tclass=unix_stream_socket permissive=1
01-21 16:51:29.630   424   424 I Binder_1: type=1400 audit(0.0:95): avc: denied { ioctl } for path="socket:[21691]" dev="sockfs" ino=21691 ioctlcmd=7704 scontext=u:r:system_server:s0 tcontext=u:r:system_server:s0 tclass=unix_stream_socket permissive=1
01-21 16:51:29.634  1774  1787 E searchRomFile: getTfcardFileList: Bishoujo Senshi Sailor Moon-Another Story.smc
01-21 16:51:29.653  1774  1787 E searchRomFile: getTfcardFileList: Bishoujo Senshi Sailor Moon.smc
01-21 16:51:29.661   393   425 I ActivityManager: Start proc 1791:com.android.packageinstaller/u0a11 for activity com.android.packageinstaller/.permission.ui.GrantPermissionsActivity
01-21 16:51:29.671  1774  1787 E searchRomFile: getTfcardFileList: Blue Crystal Rod.smc
01-21 16:51:29.688  1774  1787 E searchRomFile: getTfcardFileList: Blues Brothers.smc
01-21 16:51:29.705  1774  1787 E searchRomFile: getTfcardFileList: Bomberman B-Daman.smc
01-21 16:51:29.727  1774  1787 E searchRomFile: getTfcardFileList: Bombuzal.smc
01-21 16:51:29.745  1774  1787 E searchRomFile: getTfcardFileList: Bonkers.smc
01-21 16:51:29.748  1791  1791 W System  : ClassLoader referenced unknown path: /system/priv-app/PackageInstaller/lib/arm
01-21 16:51:29.753  1774  1790 I mali_so : [File] : hardware/arm/mali/driver/./src/base/arch/arch_011_udd/base_arch_main.c; [Line] : 565; [Func] : deal_with_version_affairs_rk_ext;
01-21 16:51:29.753  1774  1790 I mali_so : arm_release_ver of this mali_so is 'r6p0-01rel1', rk_so_ver is '3@0', built at '08:56:43', on 'Feb 16 2016'.
01-21 16:51:29.753  1774  1790 I mali_so : [File] : hardware/arm/mali/driver/./src/base/arch/arch_011_udd/base_arch_main.c; [Line] : 578; [Func] : deal_with_version_affairs_rk_ext;
01-21 16:51:29.753  1774  1790 I mali_so : mali_ver_property has been set to 'r6p0-01rel1-5-3@0', to return.
01-21 16:51:29.755  1774  1790 I OpenGLRenderer: Initialized EGL, version 1.4
01-21 16:51:29.762  1774  1790 D Surface : Surface::final mReqUsage=602
01-21 16:51:29.773  1774  1787 E searchRomFile: getTfcardFileList: Bounty Sword.smc
01-21 16:51:29.792  1774  1790 D Surface : Surface::final mReqUsage=602
01-21 16:51:29.804  1774  1787 E searchRomFile: getTfcardFileList: Brain Lord.smc
01-21 16:51:29.821  1774  1787 E searchRomFile: getTfcardFileList: Brandish 2-Expert.smc
01-21 16:51:29.838  1774  1787 E searchRomFile: getTfcardFileList: Brandish.smc
01-21 16:51:29.855  1774  1787 E searchRomFile: getTfcardFileList: Breath of Fire II-Shimei no Ko.smc
01-21 16:51:29.862  1774  1787 W System.err: org.greenrobot.greendao.DaoException: Expected unique result, but count was 2
01-21 16:51:29.863  1774  1787 W System.err: 	at org.greenrobot.greendao.AbstractDao.loadUnique(AbstractDao.java:170)
01-21 16:51:29.863  1774  1787 W System.err: 	at org.greenrobot.greendao.AbstractDao.loadUniqueAndCloseCursor(AbstractDao.java:159)
01-21 16:51:29.863  1774  1787 W System.err: 	at org.greenrobot.greendao.InternalQueryDaoAccess.loadUniqueAndCloseCursor(InternalQueryDaoAccess.java:41)
01-21 16:51:29.863  1774  1787 W System.err: 	at org.greenrobot.greendao.query.Query.unique(Query.java:130)
01-21 16:51:29.863  1774  1787 W System.err: 	at com.jacky.launcher.daomanager.GameDaoManager.insertOrReplaceByName(GameDaoManager.java:47)
01-21 16:51:29.863  1774  1787 W System.err: 	at com.jacky.launcher.util.SearchGameUtil.getTfcardFileList(SearchGameUtil.java:109)
01-21 16:51:29.863  1774  1787 W System.err: 	at com.jacky.launcher.util.SearchGameUtil.searchROMList(SearchGameUtil.java:132)
01-21 16:51:29.863  1774  1787 W System.err: 	at com.jacky.launcher.BaseApplication$1.run(BaseApplication.java:41)
01-21 16:51:29.864  1774  1787 W System.err: 	at java.lang.Thread.run(Thread.java:818)
01-21 16:51:29.864  1774  1787 E searchRomFile: getTfcardFileList: Brutal-Paws of Fury.smc
01-21 16:51:29.882  1774  1787 E searchRomFile: getTfcardFileList: Bugs Bunny-Hachamecha Daibouken.smc
01-21 16:51:29.908  1774  1787 E searchRomFile: getTfcardFileList: Burai-Hachigyoku no Yuushi Densetsu.smc
01-21 16:51:29.923  1774  1787 E searchRomFile: getTfcardFileList: Bushi Seiryuuden-Futari no Yuusha.smc
01-21 16:51:29.944  1774  1787 E searchRomFile: getTfcardFileList: CB Chara Wars-Ushinawareta Gag.smc
01-21 16:51:29.964  1774  1787 E searchRomFile: getTfcardFileList: Captain Commando.smc
01-21 16:51:29.981  1774  1787 E searchRomFile: getTfcardFileList: Casper.smc
01-21 16:51:29.993  1774  1787 W System.err: org.greenrobot.greendao.DaoException: Expected unique result, but count was 2
01-21 16:51:29.994  1774  1787 W System.err: 	at org.greenrobot.greendao.AbstractDao.loadUnique(AbstractDao.java:170)
01-21 16:51:29.995  1774  1787 W System.err: 	at org.greenrobot.greendao.AbstractDao.loadUniqueAndCloseCursor(AbstractDao.java:159)
01-21 16:51:29.995  1774  1787 W System.err: 	at org.greenrobot.greendao.InternalQueryDaoAccess.loadUniqueAndCloseCursor(InternalQueryDaoAccess.java:41)
01-21 16:51:29.995  1774  1787 W System.err: 	at org.greenrobot.greendao.query.Query.unique(Query.java:130)
01-21 16:51:29.995  1774  1787 W System.err: 	at com.jacky.launcher.daomanager.GameDaoManager.insertOrReplaceByName(GameDaoManager.java:47)
01-21 16:51:29.995  1774  1787 W System.err: 	at com.jacky.launcher.util.SearchGameUtil.getTfcardFileList(SearchGameUtil.java:109)
01-21 16:51:29.995  1774  1787 W System.err: 	at com.jacky.launcher.util.SearchGameUtil.searchROMList(SearchGameUtil.java:132)
01-21 16:51:29.995  1774  1787 W System.err: 	at com.jacky.launcher.BaseApplication$1.run(BaseApplication.java:41)
01-21 16:51:29.996  1774  1787 W System.err: 	at java.lang.Thread.run(Thread.java:818)
01-21 16:51:29.996  1774  1787 E searchRomFile: getTfcardFileList: Chou Aniki-Bakuretsu Rantouden.smc
01-21 16:51:30.023  1774  1787 E searchRomFile: getTfcardFileList: Chou Mahou Tairiku WOZZ.smc
01-21 16:51:30.030   687   687 I Binder_6: type=1400 audit(0.0:96): avc: denied { ioctl } for path="socket:[19106]" dev="sockfs" ino=19106 ioctlcmd=7704 scontext=u:r:system_server:s0 tcontext=u:r:system_server:s0 tclass=unix_stream_socket permissive=1
01-21 16:51:30.030   687   687 I Binder_6: type=1400 audit(0.0:97): avc: denied { ioctl } for path="socket:[19106]" dev="sockfs" ino=19106 ioctlcmd=7704 scontext=u:r:system_server:s0 tcontext=u:r:system_server:s0 tclass=unix_stream_socket permissive=1
01-21 16:51:30.030  1173  1173 I Binder_A: type=1400 audit(0.0:98): avc: denied { ioctl } for path="socket:[19105]" dev="sockfs" ino=19105 ioctlcmd=7704 scontext=u:r:system_server:s0 tcontext=u:r:system_server:s0 tclass=unix_stream_socket permissive=1
01-21 16:51:30.030  1173  1173 I Binder_A: type=1400 audit(0.0:99): avc: denied { ioctl } for path="socket:[19105]" dev="sockfs" ino=19105 ioctlcmd=7704 scontext=u:r:system_server:s0 tcontext=u:r:system_server:s0 tclass=unix_stream_socket permissive=1
01-21 16:51:30.045  1774  1787 E searchRomFile: getTfcardFileList: Chou Makai-Mura.smc
01-21 16:51:30.054  1774  1774 E MainActivity: onRequestPermissionsResult: android.permission.MOUNT_UNMOUNT_FILESYSTEMS
01-21 16:51:30.054  1774  1774 E MainActivity: onRequestPermissionsResult: android.permission.WRITE_MEDIA_STORAGE
01-21 16:51:30.054  1774  1774 E MainActivity: onRequestPermissionsResult: android.permission.DEVICE_POWER
01-21 16:51:30.054  1774  1774 E MainActivity: onRequestPermissionsResult: android.permission.WRITE_SETTINGS
01-21 16:51:30.054  1774  1774 E MainActivity: onRequestPermissionsResult: android.permission.SET_TIME
01-21 16:51:30.054  1774  1774 E MainActivity: onResume: true
01-21 16:51:30.054  1774  1774 E LightUtil: setBrightness: 180
01-21 16:51:30.067  1774  1774 D PermissionsManager: com.jacky.launcher
01-21 16:51:30.069  1774  1774 D PermissionsManager: Manifest contained permission: android.permission.INTERNET
01-21 16:51:30.069  1774  1774 D PermissionsManager: Manifest contained permission: android.permission.CHANGE_NETWORK_STATE
01-21 16:51:30.069  1774  1774 D PermissionsManager: Manifest contained permission: android.permission.CHANGE_WIFI_STATE
01-21 16:51:30.069  1774  1774 D PermissionsManager: Manifest contained permission: android.permission.ACCESS_NETWORK_STATE
01-21 16:51:30.069  1774  1774 D PermissionsManager: Manifest contained permission: android.permission.ACCESS_WIFI_STATE
01-21 16:51:30.069  1774  1774 D PermissionsManager: Manifest contained permission: android.permission.BLUETOOTH_ADMIN
01-21 16:51:30.069  1774  1774 D PermissionsManager: Manifest contained permission: android.permission.BLUETOOTH
01-21 16:51:30.069  1774  1774 D PermissionsManager: Manifest contained permission: android.permission.WAKE_LOCK
01-21 16:51:30.069  1774  1774 D PermissionsManager: Manifest contained permission: android.permission.WRITE_EXTERNAL_STORAGE
01-21 16:51:30.069  1774  1774 D PermissionsManager: Manifest contained permission: android.permission.MOUNT_UNMOUNT_FILESYSTEMS
01-21 16:51:30.069  1774  1774 D PermissionsManager: Manifest contained permission: android.permission.DISABLE_KEYGUARD
01-21 16:51:30.069  1774  1774 D PermissionsManager: Manifest contained permission: android.permission.RECEIVE_BOOT_COMPLETED
01-21 16:51:30.069  1774  1774 D PermissionsManager: Manifest contained permission: android.permission.WRITE_MEDIA_STORAGE
01-21 16:51:30.069  1774  1774 D PermissionsManager: Manifest contained permission: android.permission.DEVICE_POWER
01-21 16:51:30.069  1774  1774 D PermissionsManager: Manifest contained permission: android.permission.WRITE_SETTINGS
01-21 16:51:30.070  1774  1774 D PermissionsManager: Manifest contained permission: android.permission.SET_TIME
01-21 16:51:30.070  1774  1774 D PermissionsManager: Manifest contained permission: android.permission.READ_EXTERNAL_STORAGE
01-21 16:51:30.071  1774  1787 E searchRomFile: getTfcardFileList: Choukou Goukami Xardion.smc
01-21 16:51:30.090  1774  1787 E searchRomFile: getTfcardFileList: Cool Spot.smc
01-21 16:51:30.105  1774  1787 E searchRomFile: getTfcardFileList: Cosmo Police Galivan II-Arrow of Justice.smc
01-21 16:51:30.122  1774  1787 E searchRomFile: getTfcardFileList: Crayon Shin-chan 2-Daimaou no Gyakushuu.smc
01-21 16:51:30.141  1774  1787 E searchRomFile: getTfcardFileList: Crayon Shin-chan-Arashi wo yobu Enji.smc
01-21 16:51:30.161  1774  1787 E searchRomFile: getTfcardFileList: Crystal Beans From Dungeon Explorer.smc
01-21 16:51:30.178  1774  1787 E searchRomFile: getTfcardFileList: Cyborg 009.smc
01-21 16:51:30.204  1774  1787 E searchRomFile: getTfcardFileList: Dark Kingdom.smc
01-21 16:51:30.218  1774  1787 E searchRomFile: getTfcardFileList: Dead Dance.smc
01-21 16:51:30.232  1774  1787 E searchRomFile: getTfcardFileList: Demon's Blazon-Makai-Mura Monshou Hen.smc
01-21 16:51:30.246  1774  1787 E searchRomFile: getTfcardFileList: Dino Wars-Kyouryuu Oukoku heno Daibouken.smc
01-21 16:51:30.261   393   687 I ActivityManager: Killing 1381:com.android.calendar/u0a21 (adj 15): empty #4
01-21 16:51:30.261  1774  1787 E searchRomFile: getTfcardFileList: Donald Duck Mahou no Boushi.smc
01-21 16:51:30.281  1774  1787 E searchRomFile: getTfcardFileList: Donald no Maui Mallard.smc
01-21 16:51:30.302  1774  1787 E searchRomFile: getTfcardFileList: Donkey Kong Country 2-Diddy's Kong Quest.smc
01-21 16:51:30.320  1774  1787 E searchRomFile: getTfcardFileList: Donkey Kong Country 3-Dixie Kong's Double Trouble.smc
01-21 16:51:30.335  1774  1787 E searchRomFile: getTfcardFileList: Donkey Kong Country.smc
01-21 16:51:30.351  1774  1787 E searchRomFile: getTfcardFileList: Doraemon 2-Nobita no Toys Land Daibouken.smc
01-21 16:51:30.371  1774  1787 E searchRomFile: getTfcardFileList: Doraemon 3-Nobita to Toki no Hougyoku.smc
01-21 16:51:30.388  1774  1787 E searchRomFile: getTfcardFileList: Doraemon 4.smc
01-21 16:51:30.404  1774  1787 E searchRomFile: getTfcardFileList: Doraemon-Nobita to Yousei no Kuni.smc
01-21 16:51:30.423  1774  1787 E searchRomFile: getTfcardFileList: Downtown Nekketsu Baseball Monogatari-Baseball de Shoufuda!Kunio-kun.smc
01-21 16:51:30.441  1774  1787 E searchRomFile: getTfcardFileList: Dragon Ball Z-Super Butouden 2.smc
01-21 16:51:30.457  1774  1787 E searchRomFile: getTfcardFileList: Dragon Ball Z-Super Saiya Densetsu.smc
01-21 16:51:30.474  1774  1787 E searchRomFile: getTfcardFileList: Dragon Quest V-Tenkuu no Hanayome.smc
01-21 16:51:30.491  1774  1787 E searchRomFile: getTfcardFileList: Dragon Slayer-Eiyuu Densetsu.smc
01-21 16:51:30.511  1774  1787 E searchRomFile: getTfcardFileList: Dragon's Earth.smc
01-21 16:51:30.531  1774  1787 E searchRomFile: getTfcardFileList: Dragon's Magic.smc
01-21 16:51:30.546  1774  1787 E searchRomFile: getTfcardFileList: Dual Orb II.smc
01-21 16:51:30.564  1774  1787 E searchRomFile: getTfcardFileList: Earthworm Jim.smc
01-21 16:51:30.570  1774  1787 W System.err: org.greenrobot.greendao.DaoException: Expected unique result, but count was 2
01-21 16:51:30.570  1774  1787 W System.err: 	at org.greenrobot.greendao.AbstractDao.loadUnique(AbstractDao.java:170)
01-21 16:51:30.570  1774  1787 W System.err: 	at org.greenrobot.greendao.AbstractDao.loadUniqueAndCloseCursor(AbstractDao.java:159)
01-21 16:51:30.571  1774  1787 W System.err: 	at org.greenrobot.greendao.InternalQueryDaoAccess.loadUniqueAndCloseCursor(InternalQueryDaoAccess.java:41)
01-21 16:51:30.571  1774  1787 W System.err: 	at org.greenrobot.greendao.query.Query.unique(Query.java:130)
01-21 16:51:30.571  1774  1787 W System.err: 	at com.jacky.launcher.daomanager.GameDaoManager.insertOrReplaceByName(GameDaoManager.java:47)
01-21 16:51:30.571  1774  1787 W System.err: 	at com.jacky.launcher.util.SearchGameUtil.getTfcardFileList(SearchGameUtil.java:109)
01-21 16:51:30.571  1774  1787 W System.err: 	at com.jacky.launcher.util.SearchGameUtil.searchROMList(SearchGameUtil.java:132)
01-21 16:51:30.571  1774  1787 W System.err: 	at com.jacky.launcher.BaseApplication$1.run(BaseApplication.java:41)
01-21 16:51:30.571  1774  1787 W System.err: 	at java.lang.Thread.run(Thread.java:818)
01-21 16:51:30.571  1774  1787 E searchRomFile: getTfcardFileList: Elfaria II-The Quest of the Meld.smc
01-21 16:51:30.589  1774  1787 E searchRomFile: getTfcardFileList: Elnard.smc
01-21 16:51:30.609  1774  1787 E searchRomFile: getTfcardFileList: Emerald Dragon.smc
01-21 16:51:30.627  1774  1787 E searchRomFile: getTfcardFileList: Energy Breaker.smc
01-21 16:51:30.643  1774  1787 E searchRomFile: getTfcardFileList: Esparks-Ijikuu Kara no Raihousha.smc
01-21 16:51:30.658  1774  1787 E searchRomFile: getTfcardFileList: Estpolis Denki II.smc
01-21 16:51:30.675  1774  1787 E searchRomFile: getTfcardFileList: Farland Story 2.smc
01-21 16:51:30.692  1774  1787 E searchRomFile: getTfcardFileList: Farland Story.smc
01-21 16:51:30.710  1774  1787 E searchRomFile: getTfcardFileList: Feda-The Emblem of Justice.smc
01-21 16:51:30.725  1774  1787 E searchRomFile: getTfcardFileList: Fighter's History-Mizoguchi Kikiippatsu!!.smc
01-21 16:51:30.740  1774  1787 E searchRomFile: getTfcardFileList: Fighter's History.smc
01-21 16:51:30.756  1774  1787 E searchRomFile: getTfcardFileList: Final Fantasy 3.smc
01-21 16:51:30.772  1774  1787 E searchRomFile: getTfcardFileList: Final Fantasy IV-Easy Type.smc
01-21 16:51:30.788  1774  1787 E searchRomFile: getTfcardFileList: Final Fantasy IV.smc
01-21 16:51:30.803  1774  1787 E searchRomFile: getTfcardFileList: Final Fight 2.smc
01-21 16:51:30.818  1774  1787 E searchRomFile: getTfcardFileList: Final Fight 3.smc
01-21 16:51:30.835  1774  1787 E searchRomFile: getTfcardFileList: Final Fight Guy.smc
01-21 16:51:30.849  1774  1787 E searchRomFile: getTfcardFileList: Final Fight Tough.smc
01-21 16:51:30.864  1774  1787 E searchRomFile: getTfcardFileList: Fire Emblem-Monsyo no Nazo.smc
01-21 16:51:30.878  1774  1787 E searchRomFile: getTfcardFileList: Fire Fighting.smc
01-21 16:51:30.892  1774  1787 E searchRomFile: getTfcardFileList: First Queen-Ornic Senki.smc
01-21 16:51:30.908  1774  1787 E searchRomFile: getTfcardFileList: Flashback.smc
01-21 16:51:30.923  1774  1787 E searchRomFile: getTfcardFileList: Flintstones-The Treasure of Sierra Madrock.smc
01-21 16:51:30.938  1774  1787 E searchRomFile: getTfcardFileList: Foreman For Real.smc
01-21 16:51:30.953  1774  1787 E searchRomFile: getTfcardFileList: Furai no Shiren.smc
01-21 16:51:30.968  1774  1787 E searchRomFile: getTfcardFileList: G.O.D-Mezameyo to Yobu Koe ga Kikoe.smc
01-21 16:51:30.983  1774  1787 E searchRomFile: getTfcardFileList: GAIA_GENSOUKI_CN.smc
01-21 16:51:30.997  1774  1787 E searchRomFile: getTfcardFileList: GS Mikami-Joreishi ha Nice Body.smc
01-21 16:51:31.012  1774  1787 E searchRomFile: getTfcardFileList: Gaia Saver.smc
01-21 16:51:31.027  1774  1787 E searchRomFile: getTfcardFileList: Ganbare Daiku no Gensan.smc
01-21 16:51:31.041  1774  1787 E searchRomFile: getTfcardFileList: Ganbare Goemon 2-Kiteretsu Shougun Magginesu.smc
01-21 16:51:31.058  1774  1787 E searchRomFile: getTfcardFileList: Ganbare Goemon 3-Shishi Juurokubei no Karakuri Manjigatame.smc
01-21 16:51:31.077  1774  1787 E searchRomFile: getTfcardFileList: Ganbare Goemon-Yuki hime Kyuushuutsu emaki.smc
01-21 16:51:31.091  1774  1787 E searchRomFile: getTfcardFileList: Garou Densetsu Special.smc
01-21 16:51:31.108  1774  1787 E searchRomFile: getTfcardFileList: Garou Densetsu-Shukumei no Tatakai.smc
01-21 16:51:31.124  1774  1787 E searchRomFile: getTfcardFileList: Gekitou Burning Pro Wrestling.smc
01-21 16:51:31.139  1774  1787 E searchRomFile: getTfcardFileList: Genocide 2.smc
01-21 16:51:31.154  1774  1787 E searchRomFile: getTfcardFileList: Ghost Chaser Densei.smc
01-21 16:51:31.170  1774  1787 E searchRomFile: getTfcardFileList: Ghoul Patrol.smc
01-21 16:51:31.185  1774  1787 E searchRomFile: getTfcardFileList: Go Go Ackman 2.smc
01-21 16:51:31.200  1774  1787 E searchRomFile: getTfcardFileList: Go Go Ackman 3.smc
01-21 16:51:31.217  1774  1787 E searchRomFile: getTfcardFileList: Gourmet Sentai-Bara Yarou.smc
01-21 16:51:31.231  1774  1787 E searchRomFile: getTfcardFileList: Gousou Shinrai Monogatari-Musya.smc
01-21 16:51:31.247  1774  1787 E searchRomFile: getTfcardFileList: Gradius III.smc
01-21 16:51:31.261  1774  1787 E searchRomFile: getTfcardFileList: Great Battle Gaiden 2.smc
01-21 16:51:31.276  1774  1787 E searchRomFile: getTfcardFileList: Great Battle III.smc
01-21 16:51:31.292  1774  1787 E searchRomFile: getTfcardFileList: Great Battle IV.smc
01-21 16:51:31.309  1774  1787 E searchRomFile: getTfcardFileList: Great Battle V.smc
01-21 16:51:31.323  1774  1787 E searchRomFile: getTfcardFileList: Gunforce-Battle Fire Engulfed Terror Island.smc
01-21 16:51:31.339  1774  1787 E searchRomFile: getTfcardFileList: Hagane.smc
01-21 16:51:31.355  1774  1787 E searchRomFile: getTfcardFileList: Hamelin no Violin Hiki.smc
01-21 16:51:31.370  1774  1787 E searchRomFile: getTfcardFileList: Hansei Zaru-Jirou-kun no Daibouken.smc
01-21 16:51:31.387  1774  1787 E searchRomFile: getTfcardFileList: Haou Taikei-Ryuu Knight.smc
01-21 16:51:31.402  1774  1787 E searchRomFile: getTfcardFileList: Hashire Hebereke.smc
01-21 16:51:31.418  1774  1787 E searchRomFile: getTfcardFileList: Hello!Pac-Man.smc
01-21 16:51:31.432  1774  1787 E searchRomFile: getTfcardFileList: Herakles no Eikou III-Kamigami no Chinmoku.smc
01-21 16:51:31.452  1774  1787 E searchRomFile: getTfcardFileList: Herakles no Eikou IV-Kamigami Kara no Okurimono.smc
01-21 16:51:31.469  1774  1787 E searchRomFile: getTfcardFileList: Hiryuu no Ken S-Golden Fighter.smc
01-21 16:51:31.486  1774  1787 E searchRomFile: getTfcardFileList: Hokuto no Ken 6-Gekitou Denshouken-Haou heno Michi.smc
01-21 16:51:31.501  1774  1787 E searchRomFile: getTfcardFileList: Holy Striker.smc
01-21 16:51:31.517  1774  1787 E searchRomFile: getTfcardFileList: Holy Umbrella-Dondera no Mubo!!.smc
01-21 16:51:31.530  1774  1787 E searchRomFile: getTfcardFileList: Idea no Hi.smc
01-21 16:51:31.545  1774  1787 E searchRomFile: getTfcardFileList: Ihatovo Monogatari.smc
01-21 16:51:31.559  1774  1787 E searchRomFile: getTfcardFileList: Ikari no Yousai.smc
01-21 16:51:31.574  1774  1787 E searchRomFile: getTfcardFileList: Indiana Jones' Greatest Adventures.smc
01-21 16:51:31.589  1774  1787 E searchRomFile: getTfcardFileList: Iron Commando-Koutetsu no Senshi.smc
01-21 16:51:31.606  1774  1787 E searchRomFile: getTfcardFileList: JWP Joshi Pro Wrestling-Pure Wrestle Queens.smc
01-21 16:51:31.620  1774  1787 E searchRomFile: getTfcardFileList: Janyuuki Gokuu Randa.smc
01-21 16:51:31.635  1774  1787 E searchRomFile: getTfcardFileList: Jerry Boy.smc
01-21 16:51:31.652  1774  1787 E searchRomFile: getTfcardFileList: Jikkyou Power Pro Wrestling'96-Max Voltage.smc
01-21 16:51:31.669  1774  1787 E searchRomFile: getTfcardFileList: JoJo no Kimyou na Bouken.smc
01-21 16:51:31.685  1774  1787 E searchRomFile: getTfcardFileList: Joe&Mac-Tatakae Genshijin.smc
01-21 16:51:31.704  1774  1787 E searchRomFile: getTfcardFileList: Judge Dredd.smc
01-21 16:51:31.719  1774  1787 E searchRomFile: getTfcardFileList: Jungle Book.smc
01-21 16:51:31.734  1774  1787 E searchRomFile: getTfcardFileList: Jungle Wars 2.smc
01-21 16:51:31.751  1774  1787 E searchRomFile: getTfcardFileList: Jurassic Park.smc
01-21 16:51:31.767  1774  1787 E searchRomFile: getTfcardFileList: Justice League Task Force.smc
01-21 16:51:31.782  1774  1787 E searchRomFile: getTfcardFileList: Kagakusha Harley no Haran Banjou.smc
01-21 16:51:31.798  1774  1787 E searchRomFile: getTfcardFileList: Kamen Rider.smc
01-21 16:51:31.815  1774  1787 E searchRomFile: getTfcardFileList: Karuraou.smc
01-21 16:51:31.837  1774  1787 E searchRomFile: getTfcardFileList: Kentou-Ou World Champion.smc
01-21 16:51:31.853  1774  1787 E searchRomFile: getTfcardFileList: Kero Kero Keroppi no Bouken Nikki-Nemureru Mori no Keroriinu.smc
01-21 16:51:31.869  1774  1787 E searchRomFile: getTfcardFileList: Kid Klown in Crazy Chase.smc
01-21 16:51:31.884  1774  1787 E searchRomFile: getTfcardFileList: Kidou Senshi V Gundam.smc
01-21 16:51:31.899  1774  1787 E searchRomFile: getTfcardFileList: Kidou Senshi Z Gundam-Away to the NewType.smc
01-21 16:51:31.914  1774  1787 E searchRomFile: getTfcardFileList: Kiki KaiKai-Nazo no Kuro Mantle.smc
01-21 16:51:31.930  1774  1787 E searchRomFile: getTfcardFileList: Kiki KaiKai-Tsukiyo Soushi.smc
01-21 16:51:31.944  1774  1787 E searchRomFile: getTfcardFileList: Killer Instinct.smc
01-21 16:51:31.959  1774  1787 E searchRomFile: getTfcardFileList: King of Dragons, The.smc
01-21 16:51:31.972  1774  1787 E searchRomFile: getTfcardFileList: King of the Monsters 2.smc
01-21 16:51:31.977  1774  1787 W System.err: org.greenrobot.greendao.DaoException: Expected unique result, but count was 2
01-21 16:51:31.978  1774  1787 W System.err: 	at org.greenrobot.greendao.AbstractDao.loadUnique(AbstractDao.java:170)
01-21 16:51:31.978  1774  1787 W System.err: 	at org.greenrobot.greendao.AbstractDao.loadUniqueAndCloseCursor(AbstractDao.java:159)
01-21 16:51:31.978  1774  1787 W System.err: 	at org.greenrobot.greendao.InternalQueryDaoAccess.loadUniqueAndCloseCursor(InternalQueryDaoAccess.java:41)
01-21 16:51:31.978  1774  1787 W System.err: 	at org.greenrobot.greendao.query.Query.unique(Query.java:130)
01-21 16:51:31.978  1774  1787 W System.err: 	at com.jacky.launcher.daomanager.GameDaoManager.insertOrReplaceByName(GameDaoManager.java:47)
01-21 16:51:31.978  1774  1787 W System.err: 	at com.jacky.launcher.util.SearchGameUtil.getTfcardFileList(SearchGameUtil.java:109)
01-21 16:51:31.978  1774  1787 W System.err: 	at com.jacky.launcher.util.SearchGameUtil.searchROMList(SearchGameUtil.java:132)
01-21 16:51:31.978  1774  1787 W System.err: 	at com.jacky.launcher.BaseApplication$1.run(BaseApplication.java:41)
01-21 16:51:31.978  1774  1787 W System.err: 	at java.lang.Thread.run(Thread.java:818)
01-21 16:51:31.978  1774  1787 E searchRomFile: getTfcardFileList: King of the Monsters.smc
01-21 16:51:31.994  1774  1787 E searchRomFile: getTfcardFileList: Kirby's Dream Course.smc
01-21 16:51:32.008  1774  1787 E searchRomFile: getTfcardFileList: Knights of the Round.smc
01-21 16:51:32.024  1774  1787 E searchRomFile: getTfcardFileList: Kouryuu no Mimi.smc
01-21 16:51:32.040  1774  1787 E searchRomFile: getTfcardFileList: Krusty's Super Fun House.smc
01-21 16:51:32.056  1774  1787 E searchRomFile: getTfcardFileList: Kuusou Kagaku Sekai Gulliver Boy.smc
01-21 16:51:32.072  1774  1787 E searchRomFile: getTfcardFileList: La Wares.smc
01-21 16:51:32.087  1774  1787 E searchRomFile: getTfcardFileList: Lagoon.smc
01-21 16:51:32.102  1774  1787 E searchRomFile: getTfcardFileList: Last Battle.smc
01-21 16:51:32.118  1774  1787 E searchRomFile: getTfcardFileList: Last Bible III.smc
01-21 16:51:32.133  1774  1787 E searchRomFile: getTfcardFileList: Last Fighter Twin.smc
01-21 16:51:32.148  1774  1787 E searchRomFile: getTfcardFileList: Lemmings 2-The Tribes.smc
01-21 16:51:32.163  1774  1787 E searchRomFile: getTfcardFileList: Lemmings.smc
01-21 16:51:32.165   187   530 D alsa_route: route_set_controls() set route 24
01-21 16:51:32.166   187   530 D AudioHardwareTiny: close device
01-21 16:51:32.181  1774  1787 E searchRomFile: getTfcardFileList: Lennus-Kodai Kikai no Kioku.smc
01-21 16:51:32.197  1774  1787 E searchRomFile: getTfcardFileList: Light Fantasy II.smc
01-21 16:51:32.212  1774  1787 E searchRomFile: getTfcardFileList: Light Fantasy.smc
01-21 16:51:32.226  1774  1787 E searchRomFile: getTfcardFileList: Lion King.smc
01-21 16:51:32.241  1774  1787 E searchRomFile: getTfcardFileList: Live a Live.smc
01-21 16:51:32.256  1774  1787 E searchRomFile: getTfcardFileList: Lodoss Tou Senki-Record of Lodoss War.smc
01-21 16:51:32.271  1774  1787 E searchRomFile: getTfcardFileList: Lupin III-Densetsu no Hihou wo Oe!.smc
01-21 16:51:32.286  1774  1787 E searchRomFile: getTfcardFileList: Madou Monogatari-Hanamaru Daiyouchienji.smc
01-21 16:51:32.302  1774  1787 E searchRomFile: getTfcardFileList: Magic Sword.smc
01-21 16:51:32.318  1774  1787 E searchRomFile: getTfcardFileList: Magical Pop'n.smc
01-21 16:51:32.334  1774  1787 E searchRomFile: getTfcardFileList: Magical Taruruuto-kun-Magic Adventure.smc
01-21 16:51:32.349  1774  1787 E searchRomFile: getTfcardFileList: Magna Braban-Henreki no Yuusha.smc
01-21 16:51:32.364  1774  1787 E searchRomFile: getTfcardFileList: Mahoujin Guru Guru 2.smc
01-21 16:51:32.379  1774  1787 E searchRomFile: getTfcardFileList: Mahoujin Guru Guru.smc
01-21 16:51:32.393  1774  1787 E searchRomFile: getTfcardFileList: Makeruna! Makendou 2.smc
01-21 16:51:32.407  1774  1787 E searchRomFile: getTfcardFileList: Makeruna! Makendou.smc
01-21 16:51:32.424  1774  1787 E searchRomFile: getTfcardFileList: Marvel Super Heroes-War of the Gems.smc
01-21 16:51:32.438  1774  1787 E searchRomFile: getTfcardFileList: Matsumura Kuni Hiroden-Saikyou no Rekishi wo Nurikaero!.smc
01-21 16:51:32.453  1774  1787 E searchRomFile: getTfcardFileList: Mazinger Z.smc
01-21 16:51:32.470  1774  1787 E searchRomFile: getTfcardFileList: Mega Man X.smc
01-21 16:51:32.505  1774  1787 E searchRomFile: getTfcardFileList: Melfand Stories.smc
01-21 16:51:32.522  1774  1787 E searchRomFile: getTfcardFileList: Metal Slader Glory-Director's Cut.smc
01-21 16:51:32.539  1774  1787 E searchRomFile: getTfcardFileList: Mickey Mania.smc
01-21 16:51:32.554  1774  1787 E searchRomFile: getTfcardFileList: Mickey no Magical Adventure.smc
01-21 16:51:32.570  1774  1787 E searchRomFile: getTfcardFileList: Mickey no Tokyo Disneyland Daibouken.smc
01-21 16:51:32.587  1774  1787 E searchRomFile: getTfcardFileList: Mickey to Donald-Magical Adventure 3.smc
01-21 16:51:32.602  1774  1787 E searchRomFile: getTfcardFileList: Mighty Morphin Power Rangers.smc
01-21 16:51:32.618  1774  1787 E searchRomFile: getTfcardFileList: Milandra.smc
01-21 16:51:32.633  1774  1787 E searchRomFile: getTfcardFileList: Miracle Girls.smc
01-21 16:51:32.650  1774  1787 E searchRomFile: getTfcardFileList: Monopoly 2.smc
01-21 16:51:32.665  1774  1787 E searchRomFile: getTfcardFileList: Monopoly.smc
01-21 16:51:32.680  1774  1787 E searchRomFile: getTfcardFileList: Monstania.smc
01-21 16:51:32.693  1774  1787 E searchRomFile: getTfcardFileList: Monster Maker III-Hikari no Majutsushi.smc
01-21 16:51:32.708  1774  1787 E searchRomFile: getTfcardFileList: Mr. Nutz.smc
01-21 16:51:32.723  1774  1787 E searchRomFile: getTfcardFileList: Muscle Bomber.smc
01-21 16:51:32.740  1774  1787 E searchRomFile: getTfcardFileList: Mystic Ark.smc
01-21 16:51:32.756  1774  1787 E searchRomFile: getTfcardFileList: Nage Libre.smc
01-21 16:51:32.772  1774  1787 E searchRomFile: getTfcardFileList: Nankoku Shounen Papuwa-kun.smc
01-21 16:51:32.788  1774  1787 E searchRomFile: getTfcardFileList: Natsuki Crisis Battle.smc
01-21 16:51:32.805  1774  1787 E searchRomFile: getTfcardFileList: Nekketsu Tairiku Burning Heroes.smc
01-21 16:51:32.820  1774  1787 E searchRomFile: getTfcardFileList: Neugier.smc
01-21 16:51:32.836  1774  1787 E searchRomFile: getTfcardFileList: New Yatterman-Nandai Kandai Yajirobee.smc
01-21 16:51:32.852  1774  1787 E searchRomFile: getTfcardFileList: Ninja Ryuukenden Tomoe.smc
01-21 16:51:32.868  1774  1787 E searchRomFile: getTfcardFileList: Ninja Warriors Again, The.smc
01-21 16:51:32.883  1774  1787 E searchRomFile: getTfcardFileList: Nintama Rantarou 2.smc
01-21 16:51:32.899  1774  1787 E searchRomFile: getTfcardFileList: Nintama Rantarou Special.smc
01-21 16:51:32.915  1774  1787 E searchRomFile: getTfcardFileList: Nitro Punks-Might Heads.smc
01-21 16:51:32.929  1774  1787 E searchRomFile: getTfcardFileList: Nosferatu.smc
01-21 16:51:32.942  1774  1787 E searchRomFile: getTfcardFileList: Onita Atsushi FMW.smc
01-21 16:51:32.957  1774  1787 E searchRomFile: getTfcardFileList: Onizuka Katsuya Super Virtual Boxing.smc
01-21 16:51:32.972  1774  1787 E searchRomFile: getTfcardFileList: Oozumou Tamashii.smc
01-21 16:51:32.986  1774  1787 E searchRomFile: getTfcardFileList: Ossu!! Karatebu.smc
01-21 16:51:33.003  1774  1787 E searchRomFile: getTfcardFileList: Pac-in-Time.smc
01-21 16:51:33.019  1774  1787 E searchRomFile: getTfcardFileList: Pachiokun Special 2.smc
01-21 16:51:33.035  1774  1787 E searchRomFile: getTfcardFileList: Pachiokun Special 3.smc
01-21 16:51:33.050  1774  1787 E searchRomFile: getTfcardFileList: Pachiokun Special.smc
01-21 16:51:33.065  1774  1787 E searchRomFile: getTfcardFileList: Pink Panther in Pink Goes to Hollywood.smc
01-21 16:51:33.080  1774  1787 E searchRomFile: getTfcardFileList: Pinocchio.smc
01-21 16:51:33.093  1774  1787 E searchRomFile: getTfcardFileList: Pitfall-Maya no Daibouken.smc
01-21 16:51:33.110  1774  1787 E searchRomFile: getTfcardFileList: Poko-Nyan!Henpokorin Adventure.smc
01-21 16:51:33.124  1774  1787 E searchRomFile: getTfcardFileList: Power Athlete.smc
01-21 16:51:33.139  1774  1787 E searchRomFile: getTfcardFileList: Prince of Persia.smc
01-21 16:51:33.154  1774  1787 E searchRomFile: getTfcardFileList: Princess Minerva.smc
01-21 16:51:33.169  1774  1787 E searchRomFile: getTfcardFileList: Putty Moon.smc
01-21 16:51:33.184  1774  1787 E searchRomFile: getTfcardFileList: RPG Tsukuru 2.smc
01-21 16:51:33.199  1774  1787 E searchRomFile: getTfcardFileList: Ranma Nibunnoichi-Akanekodan Teki Hihou.smc
01-21 16:51:33.215  1774  1787 E searchRomFile: getTfcardFileList: Ranma Nibunnoichi-Bakuretsu Rantou Hen.smc
01-21 16:51:33.230  1774  1787 E searchRomFile: getTfcardFileList: Ranma Nibunnoichi-Chougi Ranbu Hen.smc
01-21 16:51:33.246  1774  1787 E searchRomFile: getTfcardFileList: Ranma Nibunnoichi-Chounai Gekitou Hen.smc
01-21 16:51:33.263  1774  1787 E searchRomFile: getTfcardFileList: Rapurasu no Ma.smc
01-21 16:51:33.277  1774  1787 E searchRomFile: getTfcardFileList: Rendering Ranger R2.smc
01-21 16:51:33.292  1774  1787 E searchRomFile: getTfcardFileList: Return of Double Dragon.smc
01-21 16:51:33.306  1774  1787 E searchRomFile: getTfcardFileList: Riddick Bowe Boxing.smc
01-21 16:51:33.321  1774  1787 E searchRomFile: getTfcardFileList: Rise of the Robots.smc
01-21 16:51:33.336  1774  1787 E searchRomFile: getTfcardFileList: Road Runner Vs Wyle E Coyote.smc
01-21 16:51:33.351  1774  1787 E searchRomFile: getTfcardFileList: Rokudenashi Blues-Taiketsu! Tokyo Shitennou.smc
01-21 16:51:33.367  1774  1787 E searchRomFile: getTfcardFileList: Romancing SaGa.smc
01-21 16:51:33.383  1774  1787 E searchRomFile: getTfcardFileList: Royal Conquest.smc
01-21 16:51:33.399  1774  1787 E searchRomFile: getTfcardFileList: Ruin Arm.smc
01-21 16:51:33.416  1774  1787 E searchRomFile: getTfcardFileList: Rushing Beat Shura.smc
01-21 16:51:33.431  1774  1787 E searchRomFile: getTfcardFileList: Rushing Beat.smc
01-21 16:51:33.446  1774  1787 E searchRomFile: getTfcardFileList: Ryuuko no Ken.smc
01-21 16:51:33.462  1774  1787 E searchRomFile: getTfcardFileList: SD Gundam Gaiden 2-Entaku no Kishi.smc
01-21 16:51:33.478  1774  1787 E searchRomFile: getTfcardFileList: SD Gundam Gaiden-Knight Gundam Monogatari-Ooinaru Isan.smc
01-21 16:51:33.495  1774  1787 E searchRomFile: getTfcardFileList: SD Hiryuu no Ken.smc
01-21 16:51:33.510  1774  1787 E searchRomFile: getTfcardFileList: SD Kidou Senshi Gundam 2.smc
01-21 16:51:33.524  1774  1787 E searchRomFile: getTfcardFileList: SD The Great Battle.smc
01-21 16:51:33.539  1774  1787 E searchRomFile: getTfcardFileList: SFC_Der_Langrisser.smc
01-21 16:51:33.554  1774  1787 E searchRomFile: getTfcardFileList: Sandra no Daibouken-Valkyrie to no Deai.smc
01-21 16:51:33.570  1774  1787 E searchRomFile: getTfcardFileList: Sangokushi Eiketsu Den.smc
01-21 16:51:33.585  1774  1787 E searchRomFile: getTfcardFileList: Sangokushi IV.smc
01-21 16:51:33.600  1774  1787 E searchRomFile: getTfcardFileList: Sangokushi Seishi-Tenbu Spirits.smc
01-21 16:51:33.615  1774  1787 E searchRomFile: getTfcardFileList: Sansara Naga 2.smc
01-21 16:51:33.632  1774  1787 E searchRomFile: getTfcardFileList: Secret of Mana.smc
01-21 16:51:33.646  1774  1787 E searchRomFile: getTfcardFileList: Seifuku Densetsu-Pretty Fighter.smc
01-21 16:51:33.662  1774  1787 E searchRomFile: getTfcardFileList: Seijuu Maden-Beasts&Blades.smc
01-21 16:51:33.676  1774  1787 E searchRomFile: getTfcardFileList: Seiken Densetsu 2.smc
01-21 16:51:33.691  1774  1787 E searchRomFile: getTfcardFileList: Seiken Densetsu 3.smc
01-21 16:51:33.705  1774  1787 E searchRomFile: getTfcardFileList: Sengoku Denshou.smc
01-21 16:51:33.721  1774  1787 E searchRomFile: getTfcardFileList: Shiki Eiyuuden.smc
01-21 16:51:33.736  1774  1787 E searchRomFile: getTfcardFileList: Shin Kidou Senki Gundam W-Endless Duel.smc
01-21 16:51:33.751  1774  1787 E searchRomFile: getTfcardFileList: Shin Nekketsu Kouha-Kunio-tachi no Banka.smc
01-21 16:51:33.766  1774  1787 E searchRomFile: getTfcardFileList: Shinseiki Odysselya II.smc
01-21 16:51:33.781  1774  1787 E searchRomFile: getTfcardFileList: Shinseiki Odysselya.smc
01-21 16:51:33.795  1774  1787 E searchRomFile: getTfcardFileList: Shodai Nekketsu Kouha Kunio-kun.smc
01-21 16:51:33.811  1774  1787 E searchRomFile: getTfcardFileList: Shounen Ashibe.smc
01-21 16:51:33.824  1774  1787 E searchRomFile: getTfcardFileList: Shounen Ninja Sasuke.smc
